[archives.uness.fr/sites/umvf/media/ressPneumo/M1127/index.html]
[backblue.gif]
[fade.gif]
[index.html]
[archives.uness.fr/sites/umvf/media/ressPneumo/M1127/css/style.css]
[ajax.googleapis.com/ajax/libs/jquery/1.4/jquery.min.js]
[archives.uness.fr/sites/umvf/media/ressPneumo/M1127/fancybox/jquery.mousewheel-3.0.4.pack.js]
[archives.uness.fr/sites/umvf/media/ressPneumo/M1127/fancybox/jquery.fancybox-1.3.4.pack.js]
[archives.uness.fr/sites/umvf/media/ressPneumo/M1127/fancybox/jquery.fancybox-1.3.4.css]
[archives.uness.fr/sites/umvf/media/ressPneumo/M1127/sommaire.html]
[archives.uness.fr/sites/umvf/media/ressPneumo/M1127/cc.html]
[archives.uness.fr/sites/umvf/media/ressPneumo/M1127/conclusion.html]
[archives.uness.fr/sites/umvf/media/ressPneumo/M1127/index.html]
[archives.uness.fr/sites/umvf/media/ressPneumo/M1127/contact.html]
[archives.uness.fr/sites/umvf/media/ressPneumo/M1127/images/arr54.gif]
[archives.uness.fr/sites/umvf/media/ressPneumo/M1127/tptpc.html]
[archives.uness.fr/sites/umvf/media/ressPneumo/M1127/images/arr6.gif]
[archives.uness.fr/sites/umvf/media/ressPneumo/M1127/tptm.html]
[archives.uness.fr/sites/umvf/media/ressPneumo/M1127/tpbt.html]
[archives.uness.fr/sites/umvf/media/ressPneumo/M1127/tppc.html]
[archives.uness.fr/sites/umvf/media/ressPneumo/M1127/sommaire.html]
[archives.uness.fr/sites/umvf/media/ressPneumo/M1127/text.html]
[archives.uness.fr/sites/umvf/media/ressPneumo/M1127/images/3.gif]
[archives.uness.fr/sites/umvf/media/ressPneumo/M1127/cc1.html]
[archives.uness.fr/sites/umvf/media/ressPneumo/M1127/cc2.html]
[archives.uness.fr/sites/umvf/media/ressPneumo/M1127/cc3.html]
[archives.uness.fr/sites/umvf/media/ressPneumo/M1127/cc4.html]
[archives.uness.fr/sites/umvf/media/ressPneumo/M1127/cc5.html]
[archives.uness.fr/sites/umvf/media/ressPneumo/M1127/cc6.html]
[archives.uness.fr/sites/umvf/media/ressPneumo/M1127/cc7.html]
[archives.uness.fr/sites/umvf/media/ressPneumo/M1127/cc8.html]
[archives.uness.fr/sites/umvf/media/ressPneumo/M1127/cc9.html]
[archives.uness.fr/sites/umvf/media/ressPneumo/M1127/cc10.html]
[archives.uness.fr/sites/umvf/media/ressPneumo/M1127/cc11.html]
[archives.uness.fr/sites/umvf/media/ressPneumo/M1127/cc12.html]
[archives.uness.fr/sites/umvf/media/ressPneumo/M1127/cc13.html]
[archives.uness.fr/sites/umvf/media/ressPneumo/M1127/cc14.html]
[archives.uness.fr/sites/umvf/media/ressPneumo/M1127/cc15.html]
[archives.uness.fr/sites/umvf/media/ressPneumo/M1127/cc16.html]
[archives.uness.fr/sites/umvf/media/ressPneumo/M1127/cc17.html]
[archives.uness.fr/sites/umvf/media/ressPneumo/M1127/cc18.html]
[archives.uness.fr/sites/umvf/media/ressPneumo/M1127/cc19.html]
[archives.uness.fr/sites/umvf/media/ressPneumo/M1127/cc20.html]
[archives.uness.fr/sites/umvf/media/ressPneumo/M1127/cc21.html]
[archives.uness.fr/sites/umvf/media/ressPneumo/M1127/cc22.html]
[archives.uness.fr/sites/umvf/media/ressPneumo/M1127/cc23.html]
[archives.uness.fr/sites/umvf/media/ressPneumo/M1127/cc24.html]
[archives.uness.fr/sites/umvf/media/ressPneumo/M1127/cc25.html]
[archives.uness.fr/sites/umvf/media/ressPneumo/M1127/cc26.html]
[archives.uness.fr/sites/umvf/media/ressPneumo/M1127/cc27.html]
[archives.uness.fr/sites/umvf/media/ressPneumo/M1127/cc28.html]
[archives.uness.fr/sites/umvf/media/ressPneumo/M1127/cc29.html]
[archives.uness.fr/sites/umvf/media/ressPneumo/M1127/cc30.html]
[archives.uness.fr/sites/umvf/media/ressPneumo/M1127/cc31.html]
[archives.uness.fr/sites/umvf/media/ressPneumo/M1127/cc32.html]
[archives.uness.fr/sites/umvf/media/ressPneumo/M1127/cc33.html]
[archives.uness.fr/sites/umvf/media/ressPneumo/M1127/cc34.html]
[archives.uness.fr/sites/umvf/media/ressPneumo/M1127/cc35.html]
[archives.uness.fr/sites/umvf/media/ressPneumo/M1127/cc36.html]
[archives.uness.fr/sites/umvf/media/ressPneumo/M1127/cc37.html]
[archives.uness.fr/sites/umvf/media/ressPneumo/M1127/cc38.html]
[archives.uness.fr/sites/umvf/media/ressPneumo/M1127/cc39.html]
[archives.uness.fr/sites/umvf/media/ressPneumo/M1127/cc40.html]
[archives.uness.fr/sites/umvf/media/ressPneumo/M1127/cc41.html]
[archives.uness.fr/sites/umvf/media/ressPneumo/M1127/cc42.html]
[archives.uness.fr/sites/umvf/media/ressPneumo/M1127/cc43.html]
[archives.uness.fr/sites/umvf/media/ressPneumo/M1127/cc44.html]
[archives.uness.fr/sites/umvf/media/ressPneumo/M1127/cc45.html]
[archives.uness.fr/sites/umvf/media/ressPneumo/M1127/cc46.html]
[archives.uness.fr/sites/umvf/media/ressPneumo/M1127/cc47.html]
[archives.uness.fr/sites/umvf/media/ressPneumo/M1127/cc48.html]
[archives.uness.fr/sites/umvf/media/ressPneumo/M1127/cc49.html]
[archives.uness.fr/sites/umvf/media/ressPneumo/M1127/cc50.html]
[archives.uness.fr/sites/umvf/media/ressPneumo/M1127/cc51.html]
[archives.uness.fr/sites/umvf/media/ressPneumo/M1127/cc52.html]
[archives.uness.fr/sites/umvf/media/ressPneumo/M1127/cc53.html]
[archives.uness.fr/sites/umvf/media/ressPneumo/M1127/cc54.html]
[archives.uness.fr/sites/umvf/media/ressPneumo/M1127/cc55.html]
[archives.uness.fr/sites/umvf/media/ressPneumo/M1127/cc56.html]
[archives.uness.fr/sites/umvf/media/ressPneumo/M1127/cc57.html]
[archives.uness.fr/sites/umvf/media/ressPneumo/M1127/cc58.html]
[archives.uness.fr/sites/umvf/media/ressPneumo/M1127/cc59.html]
[archives.uness.fr/sites/umvf/media/ressPneumo/M1127/cc60.html]
[archives.uness.fr/sites/umvf/media/ressPneumo/M1127/cc61.html]
[archives.uness.fr/sites/umvf/media/ressPneumo/M1127/cc62.html]
[archives.uness.fr/sites/umvf/media/ressPneumo/M1127/cc63.html]
[archives.uness.fr/sites/umvf/media/ressPneumo/M1127/cc.html]
[archives.uness.fr/sites/umvf/media/ressPneumo/M1127/cc64.html]
[archives.uness.fr/sites/umvf/media/ressPneumo/M1127/conclusion.html]
[archives.uness.fr/sites/umvf/media/ressPneumo/M1127/contact.html]
[archives.uness.fr/sites/umvf/media/ressPneumo/M1127/tptpc.html]
[archives.uness.fr/sites/umvf/media/ressPneumo/M1127/tptm.html]
[archives.uness.fr/sites/umvf/media/ressPneumo/M1127/tpbt.html]
[archives.uness.fr/sites/umvf/media/ressPneumo/M1127/tppc.html]
[archives.uness.fr/sites/umvf/media/ressPneumo/M1127/text.html]
[archives.uness.fr/sites/umvf/media/ressPneumo/M1127/cas_pics/c1.jpg]
[archives.uness.fr/sites/umvf/media/ressPneumo/M1127/rcc1.html]
[archives.uness.fr/sites/umvf/media/ressPneumo/M1127/cc1.html]
[archives.uness.fr/sites/umvf/media/ressPneumo/M1127/cas_pics/c2.jpg]
[archives.uness.fr/sites/umvf/media/ressPneumo/M1127/cc2.html]
[archives.uness.fr/sites/umvf/media/ressPneumo/M1127/rcc2.html]
[archives.uness.fr/sites/umvf/media/ressPneumo/M1127/cas_pics/c3.jpg]
[archives.uness.fr/sites/umvf/media/ressPneumo/M1127/rcc3.html]
[archives.uness.fr/sites/umvf/media/ressPneumo/M1127/cc3.html]
[archives.uness.fr/sites/umvf/media/ressPneumo/M1127/cas_pics/c4.jpg]
[archives.uness.fr/sites/umvf/media/ressPneumo/M1127/rcc4.html]
[archives.uness.fr/sites/umvf/media/ressPneumo/M1127/cc4.html]
[archives.uness.fr/sites/umvf/media/ressPneumo/M1127/cas_pics/c5.jpg]
[archives.uness.fr/sites/umvf/media/ressPneumo/M1127/cc5.html]
[archives.uness.fr/sites/umvf/media/ressPneumo/M1127/rcc5.html]
[archives.uness.fr/sites/umvf/media/ressPneumo/M1127/cas_pics/c6.jpg]
[archives.uness.fr/sites/umvf/media/ressPneumo/M1127/cc6.html]
[archives.uness.fr/sites/umvf/media/ressPneumo/M1127/rcc6.html]
[archives.uness.fr/sites/umvf/media/ressPneumo/M1127/cas_pics/c7.jpg]
[archives.uness.fr/sites/umvf/media/ressPneumo/M1127/cc7.html]
[archives.uness.fr/sites/umvf/media/ressPneumo/M1127/rcc7.html]
[archives.uness.fr/sites/umvf/media/ressPneumo/M1127/cas_pics/c8.jpg]
[archives.uness.fr/sites/umvf/media/ressPneumo/M1127/rcc8.html]
[archives.uness.fr/sites/umvf/media/ressPneumo/M1127/cc8.html]
[archives.uness.fr/sites/umvf/media/ressPneumo/M1127/cas_pics/c9.jpg]
[archives.uness.fr/sites/umvf/media/ressPneumo/M1127/rcc9.html]
[archives.uness.fr/sites/umvf/media/ressPneumo/M1127/cc9.html]
[archives.uness.fr/sites/umvf/media/ressPneumo/M1127/cas_pics/c10.jpg]
[archives.uness.fr/sites/umvf/media/ressPneumo/M1127/cc10.html]
[archives.uness.fr/sites/umvf/media/ressPneumo/M1127/rcc10.html]
[archives.uness.fr/sites/umvf/media/ressPneumo/M1127/cas_pics/c11.jpg]
[archives.uness.fr/sites/umvf/media/ressPneumo/M1127/rcc11.html]
[archives.uness.fr/sites/umvf/media/ressPneumo/M1127/cc11.html]
[archives.uness.fr/sites/umvf/media/ressPneumo/M1127/cas_pics/c12.jpg]
[archives.uness.fr/sites/umvf/media/ressPneumo/M1127/cc12.html]
[archives.uness.fr/sites/umvf/media/ressPneumo/M1127/rcc12.html]
[archives.uness.fr/sites/umvf/media/ressPneumo/M1127/cas_pics/c13.jpg]
[archives.uness.fr/sites/umvf/media/ressPneumo/M1127/cc13.html]
[archives.uness.fr/sites/umvf/media/ressPneumo/M1127/rcc13.html]
[archives.uness.fr/sites/umvf/media/ressPneumo/M1127/cas_pics/c14.jpg]
[archives.uness.fr/sites/umvf/media/ressPneumo/M1127/rcc14.html]
[archives.uness.fr/sites/umvf/media/ressPneumo/M1127/cc14.html]
[archives.uness.fr/sites/umvf/media/ressPneumo/M1127/cas_pics/c15.jpg]
[archives.uness.fr/sites/umvf/media/ressPneumo/M1127/rcc15.html]
[archives.uness.fr/sites/umvf/media/ressPneumo/M1127/cc15.html]
[archives.uness.fr/sites/umvf/media/ressPneumo/M1127/cas_pics/c16.jpg]
[archives.uness.fr/sites/umvf/media/ressPneumo/M1127/cc16.html]
[archives.uness.fr/sites/umvf/media/ressPneumo/M1127/rcc16.html]
[archives.uness.fr/sites/umvf/media/ressPneumo/M1127/cas_pics/c17.jpg]
[archives.uness.fr/sites/umvf/media/ressPneumo/M1127/rcc17.html]
[archives.uness.fr/sites/umvf/media/ressPneumo/M1127/cc17.html]
[archives.uness.fr/sites/umvf/media/ressPneumo/M1127/cas_pics/c18.jpg]
[archives.uness.fr/sites/umvf/media/ressPneumo/M1127/cc18.html]
[archives.uness.fr/sites/umvf/media/ressPneumo/M1127/rcc18.html]
[archives.uness.fr/sites/umvf/media/ressPneumo/M1127/cas_pics/c19.jpg]
[archives.uness.fr/sites/umvf/media/ressPneumo/M1127/rcc19.html]
[archives.uness.fr/sites/umvf/media/ressPneumo/M1127/cc19.html]
[archives.uness.fr/sites/umvf/media/ressPneumo/M1127/cas_pics/c20.jpg]
[archives.uness.fr/sites/umvf/media/ressPneumo/M1127/rcc20.html]
[archives.uness.fr/sites/umvf/media/ressPneumo/M1127/cc20.html]
[archives.uness.fr/sites/umvf/media/ressPneumo/M1127/cas_pics/c21.jpg]
[archives.uness.fr/sites/umvf/media/ressPneumo/M1127/cc21.html]
[archives.uness.fr/sites/umvf/media/ressPneumo/M1127/rcc21.html]
[archives.uness.fr/sites/umvf/media/ressPneumo/M1127/cas_pics/c22.jpg]
[archives.uness.fr/sites/umvf/media/ressPneumo/M1127/cc22.html]
[archives.uness.fr/sites/umvf/media/ressPneumo/M1127/rcc22.html]
[archives.uness.fr/sites/umvf/media/ressPneumo/M1127/cas_pics/c23.jpg]
[archives.uness.fr/sites/umvf/media/ressPneumo/M1127/cc23.html]
[archives.uness.fr/sites/umvf/media/ressPneumo/M1127/rcc23.html]
[archives.uness.fr/sites/umvf/media/ressPneumo/M1127/cas_pics/c24.jpg]
[archives.uness.fr/sites/umvf/media/ressPneumo/M1127/cc24.html]
[archives.uness.fr/sites/umvf/media/ressPneumo/M1127/rcc24.html]
[archives.uness.fr/sites/umvf/media/ressPneumo/M1127/cas_pics/c25.jpg]
[archives.uness.fr/sites/umvf/media/ressPneumo/M1127/cc25.html]
[archives.uness.fr/sites/umvf/media/ressPneumo/M1127/rcc25.html]
[archives.uness.fr/sites/umvf/media/ressPneumo/M1127/cas_pics/c26.jpg]
[archives.uness.fr/sites/umvf/media/ressPneumo/M1127/cc26.html]
[archives.uness.fr/sites/umvf/media/ressPneumo/M1127/rcc26.html]
[archives.uness.fr/sites/umvf/media/ressPneumo/M1127/cas_pics/c27.jpg]
[archives.uness.fr/sites/umvf/media/ressPneumo/M1127/rcc27.html]
[archives.uness.fr/sites/umvf/media/ressPneumo/M1127/cc27.html]
[archives.uness.fr/sites/umvf/media/ressPneumo/M1127/cas_pics/c28.jpg]
[archives.uness.fr/sites/umvf/media/ressPneumo/M1127/rcc28.html]
[archives.uness.fr/sites/umvf/media/ressPneumo/M1127/cc28.html]
[archives.uness.fr/sites/umvf/media/ressPneumo/M1127/cas_pics/c29.jpg]
[archives.uness.fr/sites/umvf/media/ressPneumo/M1127/cc29.html]
[archives.uness.fr/sites/umvf/media/ressPneumo/M1127/rcc29.html]
[archives.uness.fr/sites/umvf/media/ressPneumo/M1127/cas_pics/c30.jpg]
[archives.uness.fr/sites/umvf/media/ressPneumo/M1127/rcc30.html]
[archives.uness.fr/sites/umvf/media/ressPneumo/M1127/cc30.html]
[archives.uness.fr/sites/umvf/media/ressPneumo/M1127/cas_pics/c31.jpg]
[archives.uness.fr/sites/umvf/media/ressPneumo/M1127/rcc31.html]
[archives.uness.fr/sites/umvf/media/ressPneumo/M1127/cc31.html]
[archives.uness.fr/sites/umvf/media/ressPneumo/M1127/cas_pics/c32.jpg]
[archives.uness.fr/sites/umvf/media/ressPneumo/M1127/rcc32.html]
[archives.uness.fr/sites/umvf/media/ressPneumo/M1127/cc32.html]
[archives.uness.fr/sites/umvf/media/ressPneumo/M1127/cas_pics/c33.jpg]
[archives.uness.fr/sites/umvf/media/ressPneumo/M1127/cc33.html]
[archives.uness.fr/sites/umvf/media/ressPneumo/M1127/rcc33.html]
[archives.uness.fr/sites/umvf/media/ressPneumo/M1127/cas_pics/c34.jpg]
[archives.uness.fr/sites/umvf/media/ressPneumo/M1127/cc34.html]
[archives.uness.fr/sites/umvf/media/ressPneumo/M1127/rcc34.html]
[archives.uness.fr/sites/umvf/media/ressPneumo/M1127/cas_pics/c35.jpg]
[archives.uness.fr/sites/umvf/media/ressPneumo/M1127/cc35.html]
[archives.uness.fr/sites/umvf/media/ressPneumo/M1127/rcc35.html]
[archives.uness.fr/sites/umvf/media/ressPneumo/M1127/cas_pics/c36.jpg]
[archives.uness.fr/sites/umvf/media/ressPneumo/M1127/cc36.html]
[archives.uness.fr/sites/umvf/media/ressPneumo/M1127/rcc36.html]
[archives.uness.fr/sites/umvf/media/ressPneumo/M1127/cas_pics/c37.jpg]
[archives.uness.fr/sites/umvf/media/ressPneumo/M1127/cc37.html]
[archives.uness.fr/sites/umvf/media/ressPneumo/M1127/rcc37.html]
[archives.uness.fr/sites/umvf/media/ressPneumo/M1127/cas_pics/c38.jpg]
[archives.uness.fr/sites/umvf/media/ressPneumo/M1127/cc38.html]
[archives.uness.fr/sites/umvf/media/ressPneumo/M1127/rcc38.html]
[archives.uness.fr/sites/umvf/media/ressPneumo/M1127/cas_pics/c39.jpg]
[archives.uness.fr/sites/umvf/media/ressPneumo/M1127/cc39.html]
[archives.uness.fr/sites/umvf/media/ressPneumo/M1127/rcc39.html]
[archives.uness.fr/sites/umvf/media/ressPneumo/M1127/cas_pics/c40.jpg]
[archives.uness.fr/sites/umvf/media/ressPneumo/M1127/cc40.html]
[archives.uness.fr/sites/umvf/media/ressPneumo/M1127/rcc40.html]
[archives.uness.fr/sites/umvf/media/ressPneumo/M1127/cas_pics/c41.jpg]
[archives.uness.fr/sites/umvf/media/ressPneumo/M1127/cc41.html]
[archives.uness.fr/sites/umvf/media/ressPneumo/M1127/rcc41.html]
[archives.uness.fr/sites/umvf/media/ressPneumo/M1127/cas_pics/c42.jpg]
[archives.uness.fr/sites/umvf/media/ressPneumo/M1127/cc42.html]
[archives.uness.fr/sites/umvf/media/ressPneumo/M1127/rcc42.html]
[archives.uness.fr/sites/umvf/media/ressPneumo/M1127/cas_pics/c43.jpg]
[archives.uness.fr/sites/umvf/media/ressPneumo/M1127/cc43.html]
[archives.uness.fr/sites/umvf/media/ressPneumo/M1127/rcc43.html]
[archives.uness.fr/sites/umvf/media/ressPneumo/M1127/cas_pics/c44.jpg]
[archives.uness.fr/sites/umvf/media/ressPneumo/M1127/cc44.html]
[archives.uness.fr/sites/umvf/media/ressPneumo/M1127/rcc44.html]
[archives.uness.fr/sites/umvf/media/ressPneumo/M1127/cas_pics/c45.jpg]
[archives.uness.fr/sites/umvf/media/ressPneumo/M1127/rcc45.html]
[archives.uness.fr/sites/umvf/media/ressPneumo/M1127/cc45.html]
[archives.uness.fr/sites/umvf/media/ressPneumo/M1127/cas_pics/c46.jpg]
[archives.uness.fr/sites/umvf/media/ressPneumo/M1127/cc46.html]
[archives.uness.fr/sites/umvf/media/ressPneumo/M1127/rcc46.html]
[archives.uness.fr/sites/umvf/media/ressPneumo/M1127/cas_pics/c47.jpg]
[archives.uness.fr/sites/umvf/media/ressPneumo/M1127/cc47.html]
[archives.uness.fr/sites/umvf/media/ressPneumo/M1127/rcc47.html]
[archives.uness.fr/sites/umvf/media/ressPneumo/M1127/cas_pics/c48.jpg]
[archives.uness.fr/sites/umvf/media/ressPneumo/M1127/cc48.html]
[archives.uness.fr/sites/umvf/media/ressPneumo/M1127/rcc48.html]
[archives.uness.fr/sites/umvf/media/ressPneumo/M1127/cas_pics/c49.jpg]
[archives.uness.fr/sites/umvf/media/ressPneumo/M1127/cc49.html]
[archives.uness.fr/sites/umvf/media/ressPneumo/M1127/rcc49.html]
[archives.uness.fr/sites/umvf/media/ressPneumo/M1127/cas_pics/c50.jpg]
[archives.uness.fr/sites/umvf/media/ressPneumo/M1127/cc50.html]
[archives.uness.fr/sites/umvf/media/ressPneumo/M1127/rcc50.html]
[archives.uness.fr/sites/umvf/media/ressPneumo/M1127/cas_pics/c51.jpg]
[archives.uness.fr/sites/umvf/media/ressPneumo/M1127/cc51.html]
[archives.uness.fr/sites/umvf/media/ressPneumo/M1127/rcc51.html]
[archives.uness.fr/sites/umvf/media/ressPneumo/M1127/cas_pics/c52.jpg]
[archives.uness.fr/sites/umvf/media/ressPneumo/M1127/cc52.html]
[archives.uness.fr/sites/umvf/media/ressPneumo/M1127/rcc52.html]
[archives.uness.fr/sites/umvf/media/ressPneumo/M1127/cas_pics/c53.jpg]
[archives.uness.fr/sites/umvf/media/ressPneumo/M1127/cc53.html]
[archives.uness.fr/sites/umvf/media/ressPneumo/M1127/rcc53.html]
[archives.uness.fr/sites/umvf/media/ressPneumo/M1127/cas_pics/c54.jpg]
[archives.uness.fr/sites/umvf/media/ressPneumo/M1127/cc54.html]
[archives.uness.fr/sites/umvf/media/ressPneumo/M1127/rcc54.html]
[archives.uness.fr/sites/umvf/media/ressPneumo/M1127/cas_pics/c55.jpg]
[archives.uness.fr/sites/umvf/media/ressPneumo/M1127/cc55.html]
[archives.uness.fr/sites/umvf/media/ressPneumo/M1127/rcc55.html]
[archives.uness.fr/sites/umvf/media/ressPneumo/M1127/cas_pics/c56.jpg]
[archives.uness.fr/sites/umvf/media/ressPneumo/M1127/cc56.html]
[archives.uness.fr/sites/umvf/media/ressPneumo/M1127/rcc56.html]
[archives.uness.fr/sites/umvf/media/ressPneumo/M1127/cas_pics/c57.jpg]
[archives.uness.fr/sites/umvf/media/ressPneumo/M1127/cc57.html]
[archives.uness.fr/sites/umvf/media/ressPneumo/M1127/rcc57.html]
[archives.uness.fr/sites/umvf/media/ressPneumo/M1127/cas_pics/c58.jpg]
[archives.uness.fr/sites/umvf/media/ressPneumo/M1127/rcc58.html]
[archives.uness.fr/sites/umvf/media/ressPneumo/M1127/cc58.html]
[archives.uness.fr/sites/umvf/media/ressPneumo/M1127/cas_pics/c59.jpg]
[archives.uness.fr/sites/umvf/media/ressPneumo/M1127/rcc59.html]
[archives.uness.fr/sites/umvf/media/ressPneumo/M1127/cc59.html]
[archives.uness.fr/sites/umvf/media/ressPneumo/M1127/cas_pics/c60.jpg]
[archives.uness.fr/sites/umvf/media/ressPneumo/M1127/rcc60.html]
[archives.uness.fr/sites/umvf/media/ressPneumo/M1127/cc60.html]
[archives.uness.fr/sites/umvf/media/ressPneumo/M1127/cas_pics/c61.jpg]
[archives.uness.fr/sites/umvf/media/ressPneumo/M1127/rcc61.html]
[archives.uness.fr/sites/umvf/media/ressPneumo/M1127/cc61.html]
[archives.uness.fr/sites/umvf/media/ressPneumo/M1127/cas_pics/c62.jpg]
[archives.uness.fr/sites/umvf/media/ressPneumo/M1127/cc62.html]
[archives.uness.fr/sites/umvf/media/ressPneumo/M1127/rcc62.html]
[archives.uness.fr/sites/umvf/media/ressPneumo/M1127/cas_pics/c63.jpg]
[archives.uness.fr/sites/umvf/media/ressPneumo/M1127/rcc63.html]
[archives.uness.fr/sites/umvf/media/ressPneumo/M1127/cc63.html]
[archives.uness.fr/sites/umvf/media/ressPneumo/M1127/cas_pics/c64.jpg]
[archives.uness.fr/sites/umvf/media/ressPneumo/M1127/cc64.html]
[archives.uness.fr/sites/umvf/media/ressPneumo/M1127/rcc64.html]
[archives.uness.fr/sites/umvf/media/ressPneumo/M1127/cas_pics/rc1.jpg]
[archives.uness.fr/sites/umvf/media/ressPneumo/M1127/rcc1.html]
[archives.uness.fr/sites/umvf/media/ressPneumo/M1127/cas_pics/rc2.jpg]
[archives.uness.fr/sites/umvf/media/ressPneumo/M1127/rcc2.html]
[archives.uness.fr/sites/umvf/media/ressPneumo/M1127/cas_pics/rc3.jpg]
[archives.uness.fr/sites/umvf/media/ressPneumo/M1127/rcc3.html]
[archives.uness.fr/sites/umvf/media/ressPneumo/M1127/cas_pics/rc4.jpg]
[archives.uness.fr/sites/umvf/media/ressPneumo/M1127/rcc4.html]
[archives.uness.fr/sites/umvf/media/ressPneumo/M1127/cas_pics/rc5.jpg]
[archives.uness.fr/sites/umvf/media/ressPneumo/M1127/rcc5.html]
[archives.uness.fr/sites/umvf/media/ressPneumo/M1127/cas_pics/rc6.jpg]
[archives.uness.fr/sites/umvf/media/ressPneumo/M1127/rcc6.html]
[archives.uness.fr/sites/umvf/media/ressPneumo/M1127/cas_pics/rc7.jpg]
[archives.uness.fr/sites/umvf/media/ressPneumo/M1127/rcc7.html]
[archives.uness.fr/sites/umvf/media/ressPneumo/M1127/cas_pics/rc8.jpg]
[archives.uness.fr/sites/umvf/media/ressPneumo/M1127/rcc8.html]
[archives.uness.fr/sites/umvf/media/ressPneumo/M1127/cas_pics/rc9.jpg]
[archives.uness.fr/sites/umvf/media/ressPneumo/M1127/rcc9.html]
[archives.uness.fr/sites/umvf/media/ressPneumo/M1127/cas_pics/rc10.jpg]
[archives.uness.fr/sites/umvf/media/ressPneumo/M1127/rcc10.html]
[archives.uness.fr/sites/umvf/media/ressPneumo/M1127/cas_pics/rc11.jpg]
[archives.uness.fr/sites/umvf/media/ressPneumo/M1127/rcc11.html]
[archives.uness.fr/sites/umvf/media/ressPneumo/M1127/cas_pics/rc12.jpg]
[archives.uness.fr/sites/umvf/media/ressPneumo/M1127/rcc12.html]
[archives.uness.fr/sites/umvf/media/ressPneumo/M1127/cas_pics/rc13.jpg]
[archives.uness.fr/sites/umvf/media/ressPneumo/M1127/rcc13.html]
[archives.uness.fr/sites/umvf/media/ressPneumo/M1127/cas_pics/rc14.jpg]
[archives.uness.fr/sites/umvf/media/ressPneumo/M1127/rcc14.html]
[archives.uness.fr/sites/umvf/media/ressPneumo/M1127/cas_pics/rc15.jpg]
[archives.uness.fr/sites/umvf/media/ressPneumo/M1127/rcc15.html]
[archives.uness.fr/sites/umvf/media/ressPneumo/M1127/cas_pics/rc16.jpg]
[archives.uness.fr/sites/umvf/media/ressPneumo/M1127/rcc16.html]
[archives.uness.fr/sites/umvf/media/ressPneumo/M1127/cas_pics/rc17.jpg]
[archives.uness.fr/sites/umvf/media/ressPneumo/M1127/rcc17.html]
[archives.uness.fr/sites/umvf/media/ressPneumo/M1127/cas_pics/rc18.jpg]
[archives.uness.fr/sites/umvf/media/ressPneumo/M1127/rcc18.html]
[archives.uness.fr/sites/umvf/media/ressPneumo/M1127/cas_pics/rc19.jpg]
[archives.uness.fr/sites/umvf/media/ressPneumo/M1127/rcc19.html]
[archives.uness.fr/sites/umvf/media/ressPneumo/M1127/cas_pics/rc20.jpg]
[archives.uness.fr/sites/umvf/media/ressPneumo/M1127/rcc20.html]
[archives.uness.fr/sites/umvf/media/ressPneumo/M1127/cas_pics/rc21.jpg]
[archives.uness.fr/sites/umvf/media/ressPneumo/M1127/rcc21.html]
[archives.uness.fr/sites/umvf/media/ressPneumo/M1127/cas_pics/rc22.jpg]
[archives.uness.fr/sites/umvf/media/ressPneumo/M1127/rcc22.html]
[archives.uness.fr/sites/umvf/media/ressPneumo/M1127/cas_pics/rc23.jpg]
[archives.uness.fr/sites/umvf/media/ressPneumo/M1127/rcc23.html]
[archives.uness.fr/sites/umvf/media/ressPneumo/M1127/cas_pics/rc24.jpg]
[archives.uness.fr/sites/umvf/media/ressPneumo/M1127/rcc24.html]
[archives.uness.fr/sites/umvf/media/ressPneumo/M1127/cas_pics/rc25.jpg]
[archives.uness.fr/sites/umvf/media/ressPneumo/M1127/rcc25.html]
[archives.uness.fr/sites/umvf/media/ressPneumo/M1127/cas_pics/rc26.jpg]
[archives.uness.fr/sites/umvf/media/ressPneumo/M1127/rcc26.html]
[archives.uness.fr/sites/umvf/media/ressPneumo/M1127/cas_pics/rc27.jpg]
[archives.uness.fr/sites/umvf/media/ressPneumo/M1127/rcc27.html]
[archives.uness.fr/sites/umvf/media/ressPneumo/M1127/cas_pics/rc28.jpg]
[archives.uness.fr/sites/umvf/media/ressPneumo/M1127/rcc28.html]
[archives.uness.fr/sites/umvf/media/ressPneumo/M1127/cas_pics/rc29.jpg]
[archives.uness.fr/sites/umvf/media/ressPneumo/M1127/rcc29.html]
[archives.uness.fr/sites/umvf/media/ressPneumo/M1127/cas_pics/rc30.jpg]
[archives.uness.fr/sites/umvf/media/ressPneumo/M1127/rcc30.html]
[archives.uness.fr/sites/umvf/media/ressPneumo/M1127/cas_pics/rc31.jpg]
[archives.uness.fr/sites/umvf/media/ressPneumo/M1127/rcc31.html]
[archives.uness.fr/sites/umvf/media/ressPneumo/M1127/cas_pics/rc32.jpg]
[archives.uness.fr/sites/umvf/media/ressPneumo/M1127/rcc32.html]
[archives.uness.fr/sites/umvf/media/ressPneumo/M1127/cas_pics/rc33.jpg]
[archives.uness.fr/sites/umvf/media/ressPneumo/M1127/rcc33.html]
[archives.uness.fr/sites/umvf/media/ressPneumo/M1127/cas_pics/rc34.jpg]
[archives.uness.fr/sites/umvf/media/ressPneumo/M1127/rcc34.html]
[archives.uness.fr/sites/umvf/media/ressPneumo/M1127/cas_pics/rc35.jpg]
[archives.uness.fr/sites/umvf/media/ressPneumo/M1127/rcc35.html]
[archives.uness.fr/sites/umvf/media/ressPneumo/M1127/cas_pics/rc36.jpg]
[archives.uness.fr/sites/umvf/media/ressPneumo/M1127/rcc36.html]
[archives.uness.fr/sites/umvf/media/ressPneumo/M1127/cas_pics/rc37.jpg]
[archives.uness.fr/sites/umvf/media/ressPneumo/M1127/rcc37.html]
[archives.uness.fr/sites/umvf/media/ressPneumo/M1127/cas_pics/rc38.jpg]
[archives.uness.fr/sites/umvf/media/ressPneumo/M1127/rcc38.html]
[archives.uness.fr/sites/umvf/media/ressPneumo/M1127/cas_pics/rc39.jpg]
[archives.uness.fr/sites/umvf/media/ressPneumo/M1127/rcc39.html]
[archives.uness.fr/sites/umvf/media/ressPneumo/M1127/cas_pics/rc40.jpg]
[archives.uness.fr/sites/umvf/media/ressPneumo/M1127/rcc40.html]
[archives.uness.fr/sites/umvf/media/ressPneumo/M1127/cas_pics/rc41.jpg]
[archives.uness.fr/sites/umvf/media/ressPneumo/M1127/rcc41.html]
[archives.uness.fr/sites/umvf/media/ressPneumo/M1127/cas_pics/rc42.jpg]
[archives.uness.fr/sites/umvf/media/ressPneumo/M1127/rcc42.html]
[archives.uness.fr/sites/umvf/media/ressPneumo/M1127/cas_pics/rc43.jpg]
[archives.uness.fr/sites/umvf/media/ressPneumo/M1127/rcc43.html]
[archives.uness.fr/sites/umvf/media/ressPneumo/M1127/cas_pics/rc44.jpg]
[archives.uness.fr/sites/umvf/media/ressPneumo/M1127/rcc44.html]
[archives.uness.fr/sites/umvf/media/ressPneumo/M1127/cas_pics/rc45.jpg]
[archives.uness.fr/sites/umvf/media/ressPneumo/M1127/rcc45.html]
[archives.uness.fr/sites/umvf/media/ressPneumo/M1127/cas_pics/rc46.jpg]
[archives.uness.fr/sites/umvf/media/ressPneumo/M1127/rcc46.html]
[archives.uness.fr/sites/umvf/media/ressPneumo/M1127/cas_pics/rc47.jpg]
[archives.uness.fr/sites/umvf/media/ressPneumo/M1127/rcc47.html]
[archives.uness.fr/sites/umvf/media/ressPneumo/M1127/cas_pics/rc48.jpg]
[archives.uness.fr/sites/umvf/media/ressPneumo/M1127/rcc48.html]
[archives.uness.fr/sites/umvf/media/ressPneumo/M1127/rcc49.html]
[archives.uness.fr/sites/umvf/media/ressPneumo/M1127/cas_pics/rc50.jpg]
[archives.uness.fr/sites/umvf/media/ressPneumo/M1127/rcc50.html]
[archives.uness.fr/sites/umvf/media/ressPneumo/M1127/cas_pics/rc51.jpg]
[archives.uness.fr/sites/umvf/media/ressPneumo/M1127/rcc51.html]
[archives.uness.fr/sites/umvf/media/ressPneumo/M1127/cas_pics/rc52.jpg]
[archives.uness.fr/sites/umvf/media/ressPneumo/M1127/rcc52.html]
[archives.uness.fr/sites/umvf/media/ressPneumo/M1127/cas_pics/rc53.jpg]
[archives.uness.fr/sites/umvf/media/ressPneumo/M1127/rcc53.html]
[archives.uness.fr/sites/umvf/media/ressPneumo/M1127/cas_pics/rc54.jpg]
[archives.uness.fr/sites/umvf/media/ressPneumo/M1127/rcc54.html]
[archives.uness.fr/sites/umvf/media/ressPneumo/M1127/cas_pics/rc55.jpg]
[archives.uness.fr/sites/umvf/media/ressPneumo/M1127/rcc55.html]
[archives.uness.fr/sites/umvf/media/ressPneumo/M1127/cas_pics/rc56.jpg]
[archives.uness.fr/sites/umvf/media/ressPneumo/M1127/rcc56.html]
[archives.uness.fr/sites/umvf/media/ressPneumo/M1127/rcc57.html]
[archives.uness.fr/sites/umvf/media/ressPneumo/M1127/cas_pics/rc58.jpg]
[archives.uness.fr/sites/umvf/media/ressPneumo/M1127/rcc58.html]
[archives.uness.fr/sites/umvf/media/ressPneumo/M1127/cas_pics/rc59.jpg]
[archives.uness.fr/sites/umvf/media/ressPneumo/M1127/rcc59.html]
[archives.uness.fr/sites/umvf/media/ressPneumo/M1127/cas_pics/rc60.jpg]
[archives.uness.fr/sites/umvf/media/ressPneumo/M1127/rcc60.html]
[archives.uness.fr/sites/umvf/media/ressPneumo/M1127/cas_pics/rc61.jpg]
[archives.uness.fr/sites/umvf/media/ressPneumo/M1127/rcc61.html]
[archives.uness.fr/sites/umvf/media/ressPneumo/M1127/cas_pics/rc62.jpg]
[archives.uness.fr/sites/umvf/media/ressPneumo/M1127/rcc62.html]
[archives.uness.fr/sites/umvf/media/ressPneumo/M1127/cas_pics/rc63.jpg]
[archives.uness.fr/sites/umvf/media/ressPneumo/M1127/rcc63.html]
[archives.uness.fr/sites/umvf/media/ressPneumo/M1127/cas_pics/rc64.jpg]
[archives.uness.fr/sites/umvf/media/ressPneumo/M1127/rcc64.html]
[archives.uness.fr/sites/umvf/media/ressPneumo/M1127/images/background.png]
[ajax.googleapis.com/ajax/libs/jquery/1.4/jquery.min.js]
[archives.uness.fr/sites/umvf/media/ressPneumo/M1127/images/banner.jpg]
[archives.uness.fr/sites/umvf/media/ressPneumo/M1127/images/menu.png]
[archives.uness.fr/sites/umvf/media/ressPneumo/M1127/images/side_top.png]
[archives.uness.fr/sites/umvf/media/ressPneumo/M1127/images/side_base.png]
[archives.uness.fr/sites/umvf/media/ressPneumo/M1127/images/side_back.png]
[archives.uness.fr/sites/umvf/media/ressPneumo/M1127/images/container_header.png]
[archives.uness.fr/sites/umvf/media/ressPneumo/M1127/images/container_footer.png]
[archives.uness.fr/sites/umvf/media/ressPneumo/M1127/images/footer.png]
[archives.uness.fr/sites/umvf/media/ressPneumo/M1127/css/style.css]
[archives.uness.fr/sites/umvf/media/ressPneumo/M1127/fancybox/fancybox.png]
[archives.uness.fr/sites/umvf/media/ressPneumo/M1127/fancybox/blank.gif]
[archives.uness.fr/sites/umvf/media/ressPneumo/M1127/fancybox/fancybox-x.png]
[archives.uness.fr/sites/umvf/media/ressPneumo/M1127/fancybox/fancybox-y.png]
[archives.uness.fr/sites/umvf/media/ressPneumo/M1127/fancybox/fancy_title_over.png]
[archives.uness.fr/sites/umvf/media/ressPneumo/M1127/fancybox/jquery.fancybox-1.3.4.css]
[archives.uness.fr/sites/umvf/media/ressPneumo/M1127/rcc1.html]
[archives.uness.fr/sites/umvf/media/ressPneumo/M1127/rcc2.html]
[archives.uness.fr/sites/umvf/media/ressPneumo/M1127/rcc3.html]
[archives.uness.fr/sites/umvf/media/ressPneumo/M1127/rcc4.html]
[archives.uness.fr/sites/umvf/media/ressPneumo/M1127/rcc5.html]
[archives.uness.fr/sites/umvf/media/ressPneumo/M1127/rcc6.html]
[archives.uness.fr/sites/umvf/media/ressPneumo/M1127/rcc7.html]
[archives.uness.fr/sites/umvf/media/ressPneumo/M1127/rcc8.html]
[archives.uness.fr/sites/umvf/media/ressPneumo/M1127/rcc9.html]
[archives.uness.fr/sites/umvf/media/ressPneumo/M1127/rcc10.html]
[archives.uness.fr/sites/umvf/media/ressPneumo/M1127/rcc11.html]
[archives.uness.fr/sites/umvf/media/ressPneumo/M1127/rcc12.html]
[archives.uness.fr/sites/umvf/media/ressPneumo/M1127/rcc13.html]
[archives.uness.fr/sites/umvf/media/ressPneumo/M1127/rcc14.html]
[archives.uness.fr/sites/umvf/media/ressPneumo/M1127/rcc15.html]
[archives.uness.fr/sites/umvf/media/ressPneumo/M1127/rcc16.html]
[archives.uness.fr/sites/umvf/media/ressPneumo/M1127/rcc17.html]
[archives.uness.fr/sites/umvf/media/ressPneumo/M1127/rcc18.html]
[archives.uness.fr/sites/umvf/media/ressPneumo/M1127/rcc19.html]
[archives.uness.fr/sites/umvf/media/ressPneumo/M1127/rcc20.html]
[archives.uness.fr/sites/umvf/media/ressPneumo/M1127/rcc21.html]
[archives.uness.fr/sites/umvf/media/ressPneumo/M1127/rcc22.html]
[archives.uness.fr/sites/umvf/media/ressPneumo/M1127/rcc23.html]
[archives.uness.fr/sites/umvf/media/ressPneumo/M1127/rcc24.html]
[archives.uness.fr/sites/umvf/media/ressPneumo/M1127/rcc25.html]
[archives.uness.fr/sites/umvf/media/ressPneumo/M1127/rcc26.html]
[archives.uness.fr/sites/umvf/media/ressPneumo/M1127/rcc27.html]
[archives.uness.fr/sites/umvf/media/ressPneumo/M1127/rcc28.html]
[archives.uness.fr/sites/umvf/media/ressPneumo/M1127/rcc29.html]
[archives.uness.fr/sites/umvf/media/ressPneumo/M1127/rcc30.html]
[archives.uness.fr/sites/umvf/media/ressPneumo/M1127/rcc31.html]
[archives.uness.fr/sites/umvf/media/ressPneumo/M1127/rcc32.html]
[archives.uness.fr/sites/umvf/media/ressPneumo/M1127/rcc33.html]
[archives.uness.fr/sites/umvf/media/ressPneumo/M1127/rcc34.html]
[archives.uness.fr/sites/umvf/media/ressPneumo/M1127/rcc35.html]
[archives.uness.fr/sites/umvf/media/ressPneumo/M1127/rcc36.html]
[archives.uness.fr/sites/umvf/media/ressPneumo/M1127/rcc37.html]
[archives.uness.fr/sites/umvf/media/ressPneumo/M1127/rcc38.html]
[archives.uness.fr/sites/umvf/media/ressPneumo/M1127/rcc39.html]
[archives.uness.fr/sites/umvf/media/ressPneumo/M1127/rcc40.html]
[archives.uness.fr/sites/umvf/media/ressPneumo/M1127/rcc41.html]
[archives.uness.fr/sites/umvf/media/ressPneumo/M1127/rcc42.html]
[archives.uness.fr/sites/umvf/media/ressPneumo/M1127/rcc43.html]
[archives.uness.fr/sites/umvf/media/ressPneumo/M1127/rcc44.html]
[archives.uness.fr/sites/umvf/media/ressPneumo/M1127/rcc45.html]
[archives.uness.fr/sites/umvf/media/ressPneumo/M1127/rcc46.html]
[archives.uness.fr/sites/umvf/media/ressPneumo/M1127/rcc47.html]
[archives.uness.fr/sites/umvf/media/ressPneumo/M1127/rcc48.html]
[archives.uness.fr/sites/umvf/media/ressPneumo/M1127/rcc49.html]
[archives.uness.fr/sites/umvf/media/ressPneumo/M1127/rcc50.html]
[archives.uness.fr/sites/umvf/media/ressPneumo/M1127/rcc51.html]
[archives.uness.fr/sites/umvf/media/ressPneumo/M1127/rcc52.html]
[archives.uness.fr/sites/umvf/media/ressPneumo/M1127/rcc53.html]
[archives.uness.fr/sites/umvf/media/ressPneumo/M1127/rcc54.html]
[archives.uness.fr/sites/umvf/media/ressPneumo/M1127/rcc55.html]
[archives.uness.fr/sites/umvf/media/ressPneumo/M1127/rcc56.html]
[archives.uness.fr/sites/umvf/media/ressPneumo/M1127/rcc57.html]
[archives.uness.fr/sites/umvf/media/ressPneumo/M1127/rcc58.html]
[archives.uness.fr/sites/umvf/media/ressPneumo/M1127/rcc59.html]
[archives.uness.fr/sites/umvf/media/ressPneumo/M1127/rcc60.html]
[archives.uness.fr/sites/umvf/media/ressPneumo/M1127/rcc61.html]
[archives.uness.fr/sites/umvf/media/ressPneumo/M1127/rcc62.html]
[archives.uness.fr/sites/umvf/media/ressPneumo/M1127/rcc63.html]
[archives.uness.fr/sites/umvf/media/ressPneumo/M1127/rcc64.html]
